
> libra@0.1.0 check-types C:\Users\davi4\Documents\Proyectos\JS\NEXT\kleverkid\apps\libra
> tsc --noEmit

app/[locale]/(protected)/navigation/menu-permissions/actions.ts(26,61): error TS2554: Expected 1 arguments, but got 3.
app/[locale]/(protected)/navigation/menu-permissions/actions.ts(41,75): error TS2554: Expected 2 arguments, but got 3.
app/[locale]/(protected)/navigation/menu-permissions/actions.ts(56,61): error TS2554: Expected 1 arguments, but got 2.
app/[locale]/(protected)/navigation/menu-permissions/actions.ts(83,16): error TS2339: Property 'content' does not exist on type 'never'.
app/[locale]/(protected)/navigation/menu-permissions/actions.ts(83,48): error TS2339: Property 'content' does not exist on type 'never'.
app/[locale]/(protected)/navigation/menu-permissions/actions.ts(84,21): error TS2339: Property 'content' does not exist on type 'never'.
app/[locale]/(protected)/navigation/menu-permissions/actions.ts(145,16): error TS2339: Property 'content' does not exist on type 'never'.
app/[locale]/(protected)/navigation/menu-permissions/actions.ts(145,48): error TS2339: Property 'content' does not exist on type 'never'.
app/[locale]/(protected)/navigation/menu-permissions/actions.ts(146,21): error TS2339: Property 'content' does not exist on type 'never'.
modules/account/clients/components/client-users-section.tsx(431,59): error TS2345: Argument of type '{ username: string; password: string; status: string; }' is not assignable to parameter of type 'IUpdateUser'.
  Property 'id_user' is missing in type '{ username: string; password: string; status: string; }' but required in type 'IUpdateUser'.
modules/account/users/components/user-manager.tsx(204,24): error TS2345: Argument of type 'number | undefined' is not assignable to parameter of type 'number'.
  Type 'undefined' is not assignable to type 'number'.
modules/account/users/components/user-manager.tsx(205,23): error TS2345: Argument of type 'number | undefined' is not assignable to parameter of type 'number'.
  Type 'undefined' is not assignable to type 'number'.
modules/security/role-permissions/mocks/data.ts(82,5): error TS2561: Object literal may only specify known properties, but 'menuId' does not exist in type 'MenuPermission'. Did you mean to write 'menu_id'?
modules/security/role-permissions/mocks/data.ts(90,5): error TS2561: Object literal may only specify known properties, but 'menuId' does not exist in type 'MenuPermission'. Did you mean to write 'menu_id'?
server/domains/access-control/navigation/menu_permissions/queries.ts(140,36): error TS2339: Property 'assignment_type' does not exist on type 'IMenuPermission'.
server/domains/access-control/navigation/menu_permissions/queries.ts(141,29): error TS2339: Property 'priority' does not exist on type 'IMenuPermission'.
server/domains/access-control/navigation/menu_permissions/queries.ts(142,31): error TS2339: Property 'is_expired' does not exist on type 'IMenuPermission'.
server/domains/access-control/navigation/menus/queries.ts(98,21): error TS2493: Tuple type '[IMenuTree]' of length '1' has no element at index '1'.
server/domains/access-control/navigation/menus/queries.ts(106,35): error TS2339: Property 'some' does not exist on type 'IMenuTree'.
server/domains/access-control/navigation/menus/queries.ts(115,5): error TS2698: Spread types may only be created from object types.
server/domains/access-control/navigation/menus/queries.ts(116,29): error TS18048: 'menuTree' is possibly 'undefined'.
server/domains/access-control/navigation/menus/queries.ts(130,35): error TS2339: Property 'some' does not exist on type 'IMenuTree'.
server/domains/access-control/navigation/menus/queries.ts(139,8): error TS2304: Cannot find name 'menuTree'.
server/domains/access-control/navigation/menus/queries.ts(140,29): error TS2304: Cannot find name 'menuTree'.
server/domains/access-control/security/company_applications/queries.ts(41,40): error TS2339: Property 'is_active' does not exist on type 'ICompanyApplication'.
server/lib/resilience-monitoring.ts(356,40): error TS18047: 'b' is possibly 'null'.
server/lib/resilience-monitoring.ts(356,53): error TS18047: 'a' is possibly 'null'.
 ELIFECYCLE  Command failed with exit code 2.
